// Jest Snapshot v1, https://goo.gl/fbAQLP

exports[`Image: Tag renders correctly 1`] = `
<span
  className="image-tag"
  onClick={[Function]}
>
  testing
</span>
`;
