// Jest Snapshot v1, https://goo.gl/fbAQLP

exports[`Search: Input renders correctly 1`] = `
<input
  onChange={[Function]}
  onKeyPress={[Function]}
  placeholder="Search images, vectors and photos"
  type="text"
  value="testing"
/>
`;
