// Jest Snapshot v1, https://goo.gl/fbAQLP

exports[`User: UserHeader renders correctly 1`] = `
<div>
  <h2>
    John-Doe
     / 
    100
  </h2>
  <img
    alt=""
    className="user-image"
    src="www.jd.com"
  />
</div>
`;
