// Jest Snapshot v1, https://goo.gl/fbAQLP

exports[`GridIamge renders correctly 1`] = `
<div>
  <img
    src={undefined}
  />
</div>
`;
