// Jest Snapshot v1, https://goo.gl/fbAQLP

exports[`SearchInput renders correctly 1`] = `
<input
  onChange={[Function]}
  placeholder="Search images, vectors and photos"
  type="text"
  value=""
/>
`;
